// Jest Snapshot v1, https://goo.gl/fbAQLP

exports[`should render Apps icon without error 1`] = `
<svg
  aria-hidden="true"
  className="sc-bdVaJa euMJkF StyledIconBase-sc-bdy9j4 jbPeIR"
  fill="currentColor"
  focusable="false"
  viewBox="0 0 24 24"
  xmlns="http://www.w3.org/2000/svg"
>
  <path
    d="M4 8h4V4H4v4zm6 12h4v-4h-4v4zm-6 0h4v-4H4v4zm0-6h4v-4H4v4zm6 0h4v-4h-4v4zm6-10v4h4V4h-4zm-6 4h4V4h-4v4zm6 6h4v-4h-4v4zm0 6h4v-4h-4v4z"
  />
</svg>
`;
