// Jest Snapshot v1, https://goo.gl/fbAQLP

exports[`should render FilledStar icon without error 1`] = `
<svg
  aria-hidden="true"
  className="sc-gzVnrw bdBlBB StyledIconBase-sc-bdy9j4 jbPeIR"
  fill="currentColor"
  focusable="false"
  viewBox="0 0 24 24"
  xmlns="http://www.w3.org/2000/svg"
>
  <path
    d="M12 17.27L18.18 21l-1.64-7.03L22 9.24l-7.19-.61L12 2 9.19 8.63 2 9.24l5.46 4.73L5.82 21z"
  />
</svg>
`;
