// Jest Snapshot v1, https://goo.gl/fbAQLP

exports[`should render Menu icon without error 1`] = `
<svg
  aria-hidden="true"
  className="sc-bxivhb gpbNsD StyledIconBase-sc-bdy9j4 jbPeIR"
  fill="currentColor"
  focusable="false"
  viewBox="0 0 24 24"
  xmlns="http://www.w3.org/2000/svg"
>
  <path
    d="M3 18h18v-2H3v2zm0-5h18v-2H3v2zm0-7v2h18V6H3z"
  />
</svg>
`;
