// Jest Snapshot v1, https://goo.gl/fbAQLP

exports[`should render Logo without error 1`] = `
<img
  className="sc-bdVaJa llObtl"
  src="https://ssl.gstatic.com/ui/v1/icons/mail/rfr/logo_gmail_lockup_default_2x.png"
/>
`;
