// Jest Snapshot v1, https://goo.gl/fbAQLP

exports[`should render TextField without error 1`] = `
<input
  className="sc-bdVaJa bGmHtF"
/>
`;
