// Jest Snapshot v1, https://goo.gl/fbAQLP

exports[`should return yes on getFilterValue 1`] = `"yes"`;
